eï¿½ets Jun  8 2016 00:22:57

rst:0x1 (POWERON_RESET),boot:0x3 (DOWNLOAD_BOOT(UART0/UART1/SDIO_REI_REO_V2))
waiting for download
ets Jun  8 2016 00:22:57

rst:0x1 (POWERON_RESET),boot:0x13 (SPI_FAST_FLASH_BOOT)
configsip: 0, SPIWP:0xee
clk_drv:0x00,q_drv:0x00,d_drv:0x00,cs0_drv:0x00,hd_drv:0x00,wp_drv:0x00
mode:DIO, clock div:2
load:0x3fff0030,len:6276
load:0x40078000,len:15748
load:0x40080400,len:4
ho 8 tail 4 room 4
load:0x40080404,len:3860
entry 0x4008063c
[0;32mI (31) boot: ESP-IDF v5.4.1 2nd stage bootloader[0m
[0;32mI (31) boot: compile time Jun 12 2025 12:19:51[0m
[0;32mI (31) boot: Multicore bootloader[0m
[0;32mI (32) boot: chip revision: v1.0[0m
[0;32mI (35) boot.esp32: SPI Speed      : 40MHz[0m
[0;32mI (39) boot.esp32: SPI Mode       : DIO[0m
[0;32mI (42) boot.esp32: SPI Flash Size : 4MB[0m
[0;32mI (46) boot: Enabling RNG early entropy source...[0m
[0;32mI (50) boot: Partition Table:[0m
[0;32mI (53) boot: ## Label            Usage          Type ST Offset   Length[0m
[0;32mI (59) boot:  0 nvs              WiFi data        01 02 00009000 00006000[0m
[0;32mI (66) boot:  1 phy_init         RF data          01 01 0000f000 00001000[0m
[0;32mI (72) boot:  2 factory          factory app      00 00 00010000 00100000[0m
[0;32mI (79) boot: End of partition table[0m
[0;32mI (82) esp_image: segment 0: paddr=00010020 vaddr=3f400020 size=198a4h (104612) map[0m
[0;32mI (125) esp_image: segment 1: paddr=000298cc vaddr=3ff80000 size=0001ch (    28) load[0m
[0;32mI (126) esp_image: segment 2: paddr=000298f0 vaddr=3ffb0000 size=03f60h ( 16224) load[0m
[0;32mI (135) esp_image: segment 3: paddr=0002d858 vaddr=40080000 size=027c0h ( 10176) load[0m
[0;32mI (141) esp_image: segment 4: paddr=00030020 vaddr=400d0020 size=8d26ch (578156) map[0m
[0;32mI (342) esp_image: segment 5: paddr=000bd294 vaddr=400827c0 size=15000h ( 86016) load[0m
[0;32mI (387) boot: Loaded app from partition at offset 0x10000[0m
[0;32mI (387) boot: Disabling RNG early entropy source...[0m
[0;32mI (397) cpu_start: Multicore app[0m
[0;32mI (406) cpu_start: Pro cpu start user code[0m
[0;32mI (406) cpu_start: cpu freq: 160000000 Hz[0m
[0;32mI (406) app_init: Application information:[0m
[0;32mI (406) app_init: Project name:     plant_dht_sensor[0m
[0;32mI (410) app_init: App version:      1[0m
[0;32mI (414) app_init: Compile time:     Jun 12 2025 12:16:03[0m
[0;32mI (419) app_init: ELF file SHA256:  b5cbf75ab...[0m
[0;32mI (423) app_init: ESP-IDF:          v5.4.1[0m
[0;32mI (427) efuse_init: Min chip rev:     v0.0[0m
[0;32mI (431) efuse_init: Max chip rev:     v3.99 [0m
[0;32mI (435) efuse_init: Chip rev:         v1.0[0m
[0;32mI (439) heap_init: Initializing. RAM available for dynamic allocation:[0m
[0;32mI (445) heap_init: At 3FFAE6E0 len 00001920 (6 KiB): DRAM[0m
[0;32mI (450) heap_init: At 3FFB8748 len 000278B8 (158 KiB): DRAM[0m
[0;32mI (455) heap_init: At 3FFE0440 len 00003AE0 (14 KiB): D/IRAM[0m
[0;32mI (461) heap_init: At 3FFE4350 len 0001BCB0 (111 KiB): D/IRAM[0m
[0;32mI (466) heap_init: At 400977C0 len 00008840 (34 KiB): IRAM[0m
[0;32mI (473) spi_flash: detected chip: generic[0m
[0;32mI (475) spi_flash: flash io: dio[0m
[0;32mI (479) main_task: Started on CPU0[0m
[0;32mI (489) main_task: Calling app_main()[0m
[0;32mI (519) wifi:wifi driver task: 3ffc069c, prio:23, stack:6656, core=0[0m
[0;32mI (529) wifi:wifi firmware version: 79fa3f41ba[0m
[0;32mI (529) wifi:wifi certification version: v7.0[0m
[0;32mI (529) wifi:config NVS flash: enabled[0m
[0;32mI (529) wifi:config nano formatting: disabled[0m
[0;32mI (539) wifi:Init data frame dynamic rx buffer num: 32[0m
[0;32mI (539) wifi:Init static rx mgmt buffer num: 5[0m
[0;32mI (539) wifi:Init management short buffer num: 32[0m
[0;32mI (549) wifi:Init dynamic tx buffer num: 32[0m
[0;32mI (549) wifi:Init static rx buffer size: 1600[0m
[0;32mI (559) wifi:Init static rx buffer num: 10[0m
[0;32mI (559) wifi:Init dynamic rx buffer num: 32[0m
[0;32mI (569) wifi_init: rx ba win: 6[0m
[0;32mI (569) wifi_init: accept mbox: 6[0m
[0;32mI (569) wifi_init: tcpip mbox: 32[0m
[0;32mI (569) wifi_init: udp mbox: 6[0m
[0;32mI (579) wifi_init: tcp mbox: 6[0m
[0;32mI (579) wifi_init: tcp tx win: 5760[0m
[0;32mI (579) wifi_init: tcp rx win: 5760[0m
[0;32mI (589) wifi_init: tcp mss: 1440[0m
[0;32mI (589) wifi_init: WiFi IRAM OP enabled[0m
[0;32mI (589) wifi_init: WiFi RX IRAM OP enabled[0m
[0;33mW (599) wifi:Password length matches WPA2 standards, authmode threshold changes from OPEN to WPA2[0m
[0;32mI (609) phy_init: phy_version 4860,6b7a6e5,Feb  6 2025,14:47:07[0m
I BOD: Brownout detector was triggered


ets Jun  8 2016 00:22:57

rst:0x3 (SW_RESET),boot:0x13 (SPI_FAST_FLASH_BOOT)
configsip: 0, SPIWP:0xee
clk_drv:0x00,q_drv:0x00,d_drv:0x00,cs0_drv:0x00,hd_drv:0x00,wp_drv:0x00
mode:DIO, clock div:2
load:0x3fff0030,len:6276
load:0x40078000,len:15748
load:0x40080400,len:4
ho 8 tail 4 room 4
load:0x40080404,len:3860
entry 0x4008063c
[0;32mI (60) boot: ESP-IDF v5.4.1 2nd stage bootloader[0m
[0;32mI (60) boot: compile time Jun 12 2025 12:19:51[0m
[0;32mI (60) boot: Multicore bootloader[0m
I (62) boot: chip revision: v1.0
[0;32mI (65) boot.esp32: SPI Speed      : 40MHz[0m
[0;32mI (69) boot.esp32: SPI Mode       : DIO[0m
[0;32mI (72) boot.esp32: SPI Flash Size : 4MB[0m
[0;32mI (76) boot: Enabling RNG early entropy source...[0m
[0;32mI (80) boot: Partition Table:[0m
[0;32mI (83) boot: ## Label            Usage          Type ST Offset   Length[0m
[0;32mI (89) boot:  0 nvs              WiFi data        01 02 00009000 00006000[0m
[0;32mI (96) boot:  1 phy_init         RF data          01 01 0000f000 00001000[0m
[0;32mI (102) boot:  2 factory          factory app      00 00 00010000 00100000[0m
[0;32mI (109) boot: End of partition table[0m
[0;32mI (112) esp_image: segment 0: paddr=00010020 vaddr=3f400020 size=198a4h (104612) map[0m
[0;32mI (156) esp_image: segment 1: paddr=000298cc vaddr=3ff80000 size=0001ch (    28) load[0m
[0;32mI (156) esp_image: segment 2: paddr=000298f0 vaddr=3ffb0000 size=03f60h ( 16224) load[0m
[0;32mI (165) esp_image: segment 3: paddr=0002d858 vaddr=40080000 size=027c0h ( 10176) load[0m
[0;32mI (171) esp_image: segment 4: paddr=00030020 vaddr=400d0020 size=8d26ch (578156) map[0m
[0;32mI (372) esp_image: segment 5: paddr=000bd294 vaddr=400827c0 size=15000h ( 86016) load[0m
[0;32mI (417) boot: Loaded app from partition at offset 0x10000[0m
[0;32mI (417) boot: Disabling RNG early entropy source...[0m
[0;32mI (427) cpu_start: Multicore app[0m
[0;32mI (436) cpu_start: Pro cpu start user code[0m
[0;32mI (436) cpu_start: cpu freq: 160000000 Hz[0m
[0;32mI (436) app_init: Application information:[0m
[0;32mI (436) app_init: Project name:     plant_dht_sensor[0m
[0;32mI (441) app_init: App version:      1[0m
[0;32mI (444) app_init: Compile time:     Jun 12 2025 12:16:03[0m
[0;32mI (449) app_init: ELF file SHA256:  b5cbf75ab...[0m
[0;32mI (453) app_init: ESP-IDF:          v5.4.1[0m
[0;32mI (457) efuse_init: Min chip rev:     v0.0[0m
[0;32mI (461) efuse_init: Max chip rev:     v3.99 [0m
[0;32mI (465) efuse_init: Chip rev:         v1.0[0m
[0;32mI (469) heap_init: Initializing. RAM available for dynamic allocation:[0m
[0;32mI (475) heap_init: At 3FFAE6E0 len 00001920 (6 KiB): DRAM[0m
[0;32mI (480) heap_init: At 3FFB8748 len 000278B8 (158 KiB): DRAM[0m
[0;32mI (485) heap_init: At 3FFE0440 len 00003AE0 (14 KiB): D/IRAM[0m
[0;32mI (491) heap_init: At 3FFE4350 len 0001BCB0 (111 KiB): D/IRAM[0m
[0;32mI (496) heap_init: At 400977C0 len 00008840 (34 KiB): IRAM[0m
[0;32mI (503) spi_flash: detected chip: generic[0m
[0;32mI (505) spi_flash: flash io: dio[0m
[0;32mI (509) main_task: Started on CPU0[0m
[0;32mI (519) main_task: Calling app_main()[0m
[0;32mI (549) wifi:wifi driver task: 3ffc069c, prio:23, stack:6656, core=0[0m
[0;32mI (559) wifi:wifi firmware version: 79fa3f41ba[0m
[0;32mI (559) wifi:wifi certification version: v7.0[0m
[0;32mI (559) wifi:config NVS flash: enabled[0m
[0;32mI (559) wifi:config nano formatting: disabled[0m
[0;32mI (569) wifi:Init data frame dynamic rx buffer num: 32[0m
[0;32mI (569) wifi:Init static rx mgmt buffer num: 5[0m
[0;32mI (569) wifi:Init management short buffer num: 32[0m
[0;32mI (579) wifi:Init dynamic tx buffer num: 32[0m
[0;32mI (579) wifi:Init static rx buffer size: 1600[0m
[0;32mI (589) wifi:Init static rx buffer num: 10[0m
[0;32mI (589) wifi:Init dynamic rx buffer num: 32[0m
[0;32mI (599) wifi_init: rx ba win: 6[0m
[0;32mI (599) wifi_init: accept mbox: 6[0m
[0;32mI (599) wifi_init: tcpip mbox: 32[0m
[0;32mI (599) wifi_init: udp mbox: 6[0m
[0;32mI (609) wifi_init: tcp mbox: 6[0m
[0;32mI (609) wifi_init: tcp tx win: 5760[0m
[0;32mI (609) wifi_init: tcp rx win: 5760[0m
[0;32mI (619) wifi_init: tcp mss: 1440[0m
[0;32mI (619) wifi_init: WiFi IRAM OP enabled[0m
[0;32mI (619) wifi_init: WiFi RX IRAM OP enabled[0m
[0;33mW (629) wifi:Password length matches WPA2 standards, authmode threshold changes from OPEN to WPA2[0m
[0;32mI (639) phy_init: phy_version 4860,6b7a6e5,Feb  6 2025,14:47:07[0m
[0;32mI (709) phy_init: Saving new calibration data due to checksum failure or outdated calibration data, mode(0)[0m
[0;32mI (739) wifi:mode : sta (c8:f0:9e:b0:21:3c)[0m
[0;32mI (739) wifi:enable tsf[0m
[0;32mI (749) SMART_PLANT: Waiting for system time to be set... (1)[0m
[0;32mI (799) wifi:new:<3,0>, old:<1,0>, ap:<255,255>, sta:<3,0>, prof:1, snd_ch_cfg:0x0[0m
[0;32mI (799) wifi:state: init -> auth (0xb0)[0m
[0;32mI (829) wifi:state: auth -> assoc (0x0)[0m
[0;32mI (1829) wifi:state: assoc -> init (0x400)[0m
[0;32mI (1849) wifi:new:<3,0>, old:<3,0>, ap:<255,255>, sta:<3,0>, prof:1, snd_ch_cfg:0x0[0m
[0;32mI (2749) SMART_PLANT: Waiting for system time to be set... (2)[0m
[0;32mI (4749) SMART_PLANT: Waiting for system time to be set... (3)[0m
[0;32mI (6749) SMART_PLANT: Waiting for system time to be set... (4)[0m
[0;32mI (8749) SMART_PLANT: Waiting for system time to be set... (5)[0m
[0;32mI (10749) SMART_PLANT: Waiting for system time to be set... (6)[0m
[0;32mI (12749) SMART_PLANT: Waiting for system time to be set... (7)[0m
[0;32mI (14749) SMART_PLANT: Waiting for system time to be set... (8)[0m
[0;32mI (16749) SMART_PLANT: Waiting for system time to be set... (9)[0m
{"motion":false,"gas":false,"temperature":26.899999618530273,"humidity":71.3000030517578,"timestamp":"1970-01-01T00:00:18Z"}
[0;32mI (18769) main_task: Returned from app_main()[0m
{"motion":false,"gas":false,"temperature":27,"humidity":71.4000015258789,"timestamp":"1970-01-01T00:00:22Z"}
{"motion":false,"gas":false,"temperature":27.100000381469727,"humidity":71.1999969482422,"timestamp":"1970-01-01T00:00:25Z"}
{"motion":true,"gas":false,"temperature":27.100000381469727,"humidity":71.4000015258789,"timestamp":"1970-01-01T00:00:28Z"}
{"motion":false,"gas":false,"temperature":27,"humidity":71,"timestamp":"1970-01-01T00:00:31Z"}
{"motion":false,"gas":false,"temperature":27,"humidity":71.5,"timestamp":"1970-01-01T00:00:34Z"}
{"motion":true,"gas":false,"temperature":27.100000381469727,"humidity":71.4000015258789,"timestamp":"1970-01-01T00:00:37Z"}
{"motion":false,"gas":false,"temperature":27.100000381469727,"humidity":71.5999984741211,"timestamp":"1970-01-01T00:00:40Z"}
